# Example filename mapping file for mkhybrid HFS parts
# !!!!            !!!!      !!!!
# EXTN   XLate   CREATOR   TYPE     Comment
.tif     Raw     '8BIM'    'TIFF'   "Photoshop TIFF image"
.tiff    Raw     '8BIM'    'TIFF'   "Photoshop TIFF image"
.gif     Raw     'ogle'    'GIFf'   "GIF Image"
.jpg     Raw     'ogle'    'JPEG'   "JPEG Image"
.jpeg    Raw     'ogle'    'JPEG'   "JPEG Image"

.htm     Ascii   'iCAB'    'TEXT'   "iCab HTML Page"
.html    Ascii   'iCAB'    'TEXT'   "iCab HTML Page"

.hqx     Ascii   'BnHq'    'TEXT'   "BinHex file"
.sit     Raw     'SITx'    'SITD'   "StuffIt Expander Archive"
.gz      Raw     'Gzip'    'Gzip'   "GNU gzip Data"
.doc     Raw     'MSWD'    'WDBN'   "Word file"
.mov     Raw     'TVOD'    'MooV'   "QuickTime Movie"
.pdf     Raw     'CARO'    'PDF '   "Acrobat Reader"

.mac     Ascii   'ttxt'   'TEXT'   "README files in MacOS format"


.pl      Raw     'R*ch'    'TEXT'   "BBEdit Text"
.sh      Raw     'R*ch'    'TEXT'   "BBEdit Text"
.fil     Raw     'R*ch'    'TEXT'   "BBEdit Text"
.inf     Raw     'R*ch'    'TEXT'   "BBEdit Text"
.pkd     Raw     'R*ch'    'TEXT'   "BBEdit Text"
.sel     Raw     'R*ch'    'TEXT'   "BBEdit Text"
.ser     Raw     'R*ch'    'TEXT'   "BBEdit Text"
.txt     Raw     'R*ch'    'TEXT'   "BBEdit Text"
.TXT     Raw     'R*ch'    'TEXT'   "BBEdit Text"
.ycp     Raw     'R*ch'    'TEXT'   "BBEdit Text"
.conf    Ascii   'ttxt'    'TEXT'   "BBEdit Text"

Finder             Raw   'MACS' 'FNDR' "Finder dummy file"
System             Raw   'MACS' 'zsys' "System fake, miboot"
yaboot             Raw   'UNIX' 'UNIX' "yaboot bootloader"
yaboot.ibm         Raw   'UNIX' 'UNIX' "yaboot bootloader with addnote"
install            Raw   'UNIX' 'UNIX' "zImage.initrd for pseries"
install32          Raw   'UNIX' 'UNIX' "zImage.initrd for 32bit RS6K"
inst32             Raw   'UNIX' 'UNIX' "zImage.initrd with addnote"
inst64             Raw   'UNIX' 'UNIX' "zImage.initrd with addnote"
vmlinux32          Raw   'UNIX' 'UNIX' "vmlinux ELF"
vmlinux64          Raw   'UNIX' 'UNIX' "vmlinux ELF"
initrd32           Raw   'UNIX' 'UNIX' "installation initrd"
initrd64           Raw   'UNIX' 'UNIX' "installation initrd"
zImage.prep.initrd Raw   'UNIX' 'UNIX' "zImage.initrd for PReP"
yaboot.conf        Ascii 'ttxt' 'TEXT' "os-chooser between MacOS and yaboot"
yaboot.cnf         Ascii 'ttxt' 'TEXT' "os-chooser between MacOS and yaboot"
os-chooser         Ascii 'chrp' 'tbxi' "os-chooser between MacOS and yaboot"
os-chooser.example Ascii 'ttxt' 'TEXT' "os-chooser between MacOS and yaboot"
core.elf           Raw   'chrp' 'tbxi' "Bootable GRUB2 executable"

generate_os_chooser.sh        Raw    'R*ch'    'TEXT'   "BBEdit Text"

Changelog        Raw    'R*ch'    'TEXT'   "BBEdit Text"
COPYING          Raw    'R*ch'    'TEXT'   "BBEdit Text"
COPYING.tex      Raw    'R*ch'    'TEXT'   "BBEdit Text"
Changelog        Raw    'R*ch'    'TEXT'   "BBEdit Text"
COPYRIGHT        Raw    'R*ch'    'TEXT'   "BBEdit Text"
COPYRIGHT.yast   Raw    'R*ch'    'TEXT'   "BBEdit Text"
SHA1SUMS         Raw    'R*ch'    'TEXT'   "BBEdit Text"
MD5SUMS          Raw    'R*ch'    'TEXT'   "BBEdit Text"
MD5SUMS.meta     Raw    'R*ch'    'TEXT'   "BBEdit Text"
.english         Raw    'R*ch'    'TEXT'   "BBEdit Text"
.de              Raw    'R*ch'    'TEXT'   "BBEdit Text"
.german          Raw    'R*ch'    'TEXT'   "BBEdit Text"
NEWS             Raw    'R*ch'    'TEXT'   "BBEdit Text"
README           Raw    'R*ch'    'TEXT'   "BBEdit Text"
README.BETA      Raw    'R*ch'    'TEXT'   "BBEdit Text"
README.manual    Raw    'R*ch'    'TEXT'   "BBEdit Text"
README.japanese  Raw    'R*ch'    'TEXT'   "BBEdit Text"
content          Raw    'R*ch'    'TEXT'   "BBEdit Text"
media            Raw    'R*ch'    'TEXT'   "BBEdit Text"
products         Raw    'R*ch'    'TEXT'   "BBEdit Text"
build            Raw    'R*ch'    'TEXT'   "BBEdit Text"
.asc             Raw    'R*ch'    'TEXT'   "BBEdit Text"
.key             Raw    'R*ch'    'TEXT'   "BBEdit Text"
.xml             Raw    'R*ch'    'TEXT'   "BBEdit Text"
.rtf             Raw    'R*ch'    'TEXT'   "BBEdit Text"
directory.yast   Raw    'R*ch'    'TEXT'   "BBEdit Text"
config           Raw    'R*ch'    'TEXT'   "BBEdit Text"
rpmlist          Raw    'R*ch'    'TEXT'   "BBEdit Text"
mini-iso-rmlist  Raw    'R*ch'    'TEXT'   "BBEdit Text"
patterns         Raw    'R*ch'    'TEXT'   "BBEdit Text"

*        Raw     '????'    '????'   "Unknown File"



